 num     #instances         #bytes  class name (module)
-------------------------------------------------------
   1:         13643        3235840  [B (java.base@11.0.12)
   2:          1398        1936736  [I (java.base@11.0.12)
   3:          9944         318208  java.util.HashMap$Node (java.base@11.0.12)
   4:          9686         232464  java.lang.String (java.base@11.0.12)
   5:           916         183072  [Ljava.util.HashMap$Node; (java.base@11.0.12)
   6:          3299         164840  [Ljava.lang.Object; (java.base@11.0.12)
   7:          1158         141152  java.lang.Class (java.base@11.0.12)
   8:            99         100696  [C (java.base@11.0.12)
   9:          1531          85736  jdk.internal.org.objectweb.asm.Item (java.base@11.0.12)
  10:          1346          53840  java.util.LinkedHashMap$Entry (java.base@11.0.12)
  11:          1504          48128  java.util.concurrent.ConcurrentHashMap$Node (java.base@11.0.12)
  12:            58          45920  [Ljdk.internal.org.objectweb.asm.Item; (java.base@11.0.12)
  13:           842          42112  [Ljava.lang.String; (java.base@11.0.12)
  14:          1149          36768  java.lang.invoke.MethodType$ConcurrentWeakInternSet$WeakEntry (java.base@11.0.12)
  15:           885          35400  java.lang.invoke.MethodType (java.base@11.0.12)
  16:          1161          33216  [Ljava.lang.Class; (java.base@11.0.12)
  17:           673          32304  java.util.HashMap (java.base@11.0.12)
  18:           660          31680  java.lang.invoke.MemberName (java.base@11.0.12)
  19:           573          22920  java.util.HashMap$KeyIterator (java.base@11.0.12)
  20:           892          21408  java.lang.StringBuilder (java.base@11.0.12)
  21:            71          20528  [Ljava.util.concurrent.ConcurrentHashMap$Node; (java.base@11.0.12)
  22:            83          18592  jdk.internal.org.objectweb.asm.MethodWriter (java.base@11.0.12)
  23:           565          13560  java.util.ImmutableCollections$Set12$1 (java.base@11.0.12)
  24:           558          13392  java.util.ImmutableCollections$SetN$SetNIterator (java.base@11.0.12)
  25:           402          12864  java.lang.invoke.LambdaForm$Name (java.base@11.0.12)
  26:           130          11440  java.lang.reflect.Method (java.base@11.0.12)
  27:           204          10232  [Ljava.lang.invoke.LambdaForm$Name; (java.base@11.0.12)
  28:           146           9928  [Ljava.lang.ref.SoftReference; (java.base@11.0.12)
  29:           398           9552  java.lang.module.ModuleDescriptor$Exports (java.base@11.0.12)
  30:           145           9280  java.net.URL (java.base@11.0.12)
  31:           545           8720  java.util.Optional (java.base@11.0.12)
  32:            43           7568  jdk.internal.org.objectweb.asm.ClassWriter (java.base@11.0.12)
  33:           453           7248  java.util.HashSet (java.base@11.0.12)
  34:           414           6624  java.lang.Integer (java.base@11.0.12)
  35:           137           6576  jdk.internal.ref.CleanerImpl$PhantomCleanableRef (java.base@11.0.12)
  36:           202           6464  java.io.File (java.base@11.0.12)
  37:           263           6312  java.util.ImmutableCollections$Set12 (java.base@11.0.12)
  38:            98           6272  jdk.internal.org.objectweb.asm.Label (java.base@11.0.12)
  39:           187           5984  java.lang.module.ModuleDescriptor$Requires (java.base@11.0.12)
  40:           246           5904  java.lang.invoke.ResolvedMethodName (java.base@11.0.12)
  41:            73           5840  java.net.URI (java.base@11.0.12)
  42:           242           5808  jdk.internal.org.objectweb.asm.ByteVector (java.base@11.0.12)
  43:             5           5504  [[Ljava.lang.Object; (java.base@11.0.12)
  44:            67           5360  java.lang.reflect.Constructor (java.base@11.0.12)
  45:            94           5264  java.lang.invoke.MethodTypeForm (java.base@11.0.12)
  46:           206           4944  java.util.KeyValueHolder (java.base@11.0.12)
  47:           302           4832  java.lang.Byte (java.base@11.0.12)
  48:            74           4736  java.util.concurrent.ConcurrentHashMap (java.base@11.0.12)
  49:            17           4680  [J (java.base@11.0.12)
  50:            66           4672  [Ljava.lang.invoke.MethodHandle; (java.base@11.0.12)
  51:            73           4672  java.util.stream.ReferencePipeline$2 (java.base@11.0.12)
  52:           116           4640  java.lang.ref.SoftReference (java.base@11.0.12)
  53:            36           4608  sun.nio.fs.UnixFileAttributes (java.base@11.0.12)
  54:            71           4544  java.lang.module.ModuleDescriptor (java.base@11.0.12)
  55:            73           4088  jdk.internal.org.objectweb.asm.AnnotationWriter (java.base@11.0.12)
  56:            39           4056  java.util.jar.JarFile$JarFileEntry (java.base@11.0.12)
  57:           168           4032  java.util.ImmutableCollections$SetN (java.base@11.0.12)
  58:            72           4032  java.util.stream.ReferencePipeline$Head (java.base@11.0.12)
  59:            71           3976  jdk.internal.module.Builder (java.base@11.0.12)
  60:            71           3976  jdk.internal.module.ModuleReferenceImpl (java.base@11.0.12)
  61:           157           3768  java.util.concurrent.ConcurrentHashMap$MapEntry (java.base@11.0.12)
  62:            67           3752  java.lang.Module (java.base@11.0.12)
  63:           117           3744  java.lang.invoke.LambdaForm$NamedFunction (java.base@11.0.12)
  64:           234           3744  java.util.jar.JarFile$1 (java.base@11.0.12)
  65:           114           3648  java.nio.file.attribute.FileTime (java.base@11.0.12)
  66:             9           3312  java.lang.Thread (java.base@11.0.12)
  67:            69           3312  java.lang.invoke.LambdaForm (java.base@11.0.12)
  68:           138           3312  java.util.ArrayList (java.base@11.0.12)
  69:            39           3120  [Ljava.util.WeakHashMap$Entry; (java.base@11.0.12)
  70:           193           3088  java.util.Collections$UnmodifiableSet (java.base@11.0.12)
  71:            28           2912  java.lang.invoke.InnerClassLambdaMetafactory (java.base@11.0.12)
  72:            72           2880  java.util.Spliterators$IteratorSpliterator (java.base@11.0.12)
  73:            71           2856  [Ljava.lang.module.ModuleDescriptor$Exports; (java.base@11.0.12)
  74:            44           2816  java.lang.Class$ReflectionData (java.base@11.0.12)
  75:            55           2640  sun.util.locale.LocaleObjectCache$CacheEntry (java.base@11.0.12)
  76:            36           2592  java.util.zip.ZipFile$Source (java.base@11.0.12)
  77:            45           2520  java.lang.invoke.LambdaFormEditor$Transform (java.base@11.0.12)
  78:            36           2304  java.util.jar.JarFile (java.base@11.0.12)
  79:           141           2256  java.util.HashMap$KeySet (java.base@11.0.12)
  80:            35           2240  java.util.zip.Inflater (java.base@11.0.12)
  81:            39           2184  java.io.FileCleanable (java.base@11.0.12)
  82:           136           2176  java.lang.Object (java.base@11.0.12)
  83:            45           2160  java.nio.HeapByteBuffer (java.base@11.0.12)
  84:            45           2160  java.nio.HeapCharBuffer (java.base@11.0.12)
  85:            66           2112  java.lang.invoke.LambdaForm$Kind (java.base@11.0.12)
  86:            33           2112  java.nio.DirectByteBufferR (java.base@11.0.12)
  87:            71           2056  [Ljava.lang.module.ModuleDescriptor$Requires; (java.base@11.0.12)
  88:            35           1960  java.util.zip.ZipFile$ZipFileInflaterInputStream (java.base@11.0.12)
  89:            40           1920  java.util.zip.ZipFile$ZipFileInputStream (java.base@11.0.12)
  90:            79           1896  java.util.ImmutableCollections$List12 (java.base@11.0.12)
  91:            59           1888  java.lang.invoke.DirectMethodHandle (java.base@11.0.12)
  92:            77           1848  java.util.jar.Attributes$Name (java.base@11.0.12)
  93:            46           1840  java.util.WeakHashMap$Entry (java.base@11.0.12)
  94:            38           1824  java.util.WeakHashMap (java.base@11.0.12)
  95:            45           1800  java.lang.invoke.DirectMethodHandle$Accessor (java.base@11.0.12)
  96:            56           1792  java.lang.ref.ReferenceQueue (java.base@11.0.12)
  97:            73           1752  java.util.stream.ReferencePipeline$2$1 (java.base@11.0.12)
  98:            72           1728  java.lang.invoke.MethodHandles$Lookup (java.base@11.0.12)
  99:            36           1728  jdk.internal.loader.URLClassPath$JarLoader (java.base@11.0.12)
 100:            43           1720  java.io.FileDescriptor (java.base@11.0.12)
 101:            71           1704  java.util.stream.FindOps$FindSink$OfRef (java.base@11.0.12)
 102:            71           1704  jdk.internal.module.SystemModuleFinders$2 (java.base@11.0.12)
 103:            52           1664  java.util.ArrayList$Itr (java.base@11.0.12)
 104:            68           1632  java.lang.module.ModuleDescriptor$Provides (java.base@11.0.12)
 105:            67           1608  java.util.Collections$UnmodifiableCollection$1 (java.base@11.0.12)
 106:             1           1568  [[B (java.base@11.0.12)
 107:            71           1528  [Ljava.lang.module.ModuleDescriptor$Provides; (java.base@11.0.12)
 108:            61           1464  java.lang.module.ResolvedModule (java.base@11.0.12)
 109:            61           1464  jdk.internal.loader.BuiltinClassLoader$LoadedModule (java.base@11.0.12)
 110:            61           1464  jdk.internal.module.ModuleBootstrap$2 (java.base@11.0.12)
 111:            61           1464  jdk.internal.module.ServicesCatalog$ServiceProvider (java.base@11.0.12)
 112:            36           1440  java.util.zip.ZipFile$Source$End (java.base@11.0.12)
 113:            30           1440  jdk.internal.org.objectweb.asm.Frame (java.base@11.0.12)
 114:            35           1400  java.io.ObjectStreamField (java.base@11.0.12)
 115:            43           1376  jdk.internal.org.objectweb.asm.Type (java.base@11.0.12)
 116:            42           1344  java.util.ImmutableCollections$ListItr (java.base@11.0.12)
 117:            42           1344  sun.util.locale.BaseLocale (java.base@11.0.12)
 118:            42           1344  sun.util.locale.BaseLocale$Key (java.base@11.0.12)
 119:            38           1216  sun.nio.fs.UnixPath (java.base@11.0.12)
 120:            49           1176  [Ljava.lang.reflect.Constructor; (java.base@11.0.12)
 121:            21           1176  java.util.concurrent.ConcurrentHashMap$ValueIterator (java.base@11.0.12)
 122:            71           1160  [Ljava.lang.module.ModuleDescriptor$Opens; (java.base@11.0.12)
 123:            36           1152  java.io.RandomAccessFile (java.base@11.0.12)
 124:            36           1152  java.util.zip.ZipFile$CleanableResource (java.base@11.0.12)
 125:             4           1128  [Ljava.lang.Integer; (java.base@11.0.12)
 126:             6           1128  [Ljava.util.Map$Entry; (java.base@11.0.12)
 127:            46           1104  java.io.ExpiringCache$Entry (java.base@11.0.12)
 128:            66           1056  jdk.internal.module.SystemModuleFinders$3 (java.base@11.0.12)
 129:             1           1040  [Ljava.lang.Byte; (java.base@11.0.12)
 130:            20           1024  [Lsun.invoke.util.Wrapper; (java.base@11.0.12)
 131:            31            992  java.lang.invoke.VarHandle$AccessMode (java.base@11.0.12)
 132:            15            960  java.lang.invoke.InvokerBytecodeGenerator (java.base@11.0.12)
 133:            40            960  java.util.ArrayDeque (java.base@11.0.12)
 134:            58            928  java.lang.ref.ReferenceQueue$Lock (java.base@11.0.12)
 135:            38            912  java.util.Collections$SetFromMap (java.base@11.0.12)
 136:            14            896  jdk.internal.org.objectweb.asm.FieldWriter (java.base@11.0.12)
 137:            37            888  jdk.internal.loader.URLClassPath$3 (java.base@11.0.12)
 138:             6            864  [Ljava.lang.invoke.VarHandle$AccessMode; (java.base@11.0.12)
 139:            27            864  java.util.Locale (java.base@11.0.12)
 140:            36            864  java.util.zip.ZipFile$Source$Key (java.base@11.0.12)
 141:            36            864  jdk.internal.loader.FileURLMapper (java.base@11.0.12)
 142:            36            864  sun.nio.fs.UnixFileAttributeViews$Basic (java.base@11.0.12)
 143:            35            840  java.util.zip.Inflater$InflaterZStreamRef (java.base@11.0.12)
 144:            35            840  java.util.zip.ZipFile$InflaterCleanupAction (java.base@11.0.12)
 145:            17            832  [Ljava.lang.reflect.Method; (java.base@11.0.12)
 146:            25            800  sun.util.resources.Bundles$CacheKey (java.base@11.0.12)
 147:            33            792  jdk.internal.reflect.NativeConstructorAccessorImpl (java.base@11.0.12)
 148:            31            744  java.util.concurrent.CopyOnWriteArrayList (java.base@11.0.12)
 149:            15            720  java.lang.invoke.LambdaFormBuffer (java.base@11.0.12)
 150:            29            696  java.lang.invoke.ConstantCallSite (java.base@11.0.12)
 151:            29            696  java.lang.invoke.MethodHandleNatives$CallSiteContext (java.base@11.0.12)
 152:            17            680  java.lang.invoke.MethodHandleImpl$IntrinsicMethodHandle (java.base@11.0.12)
 153:            28            672  java.lang.invoke.InfoFromMemberName (java.base@11.0.12)
 154:            28            672  java.lang.invoke.InnerClassLambdaMetafactory$ForwardingMethodGenerator (java.base@11.0.12)
 155:            20            640  java.lang.invoke.BoundMethodHandle$Species_L (java.base@11.0.12)
 156:            40            640  java.util.ImmutableCollections$ListN (java.base@11.0.12)
 157:             3            624  [Ljava.lang.invoke.LambdaForm; (java.base@11.0.12)
 158:            11            616  java.util.LinkedHashMap (java.base@11.0.12)
 159:            19            608  java.lang.invoke.SimpleMethodHandle (java.base@11.0.12)
 160:            37            592  java.util.WeakHashMap$KeySet (java.base@11.0.12)
 161:            15            584  [Ljava.lang.invoke.LambdaForm$NamedFunction; (java.base@11.0.12)
 162:             4            576  [Ljava.lang.invoke.MemberName; (java.base@11.0.12)
 163:            36            576  [Ljava.nio.file.LinkOption; (java.base@11.0.12)
 164:            18            576  java.util.concurrent.ConcurrentHashMap$ReservationNode (java.base@11.0.12)
 165:            36            576  java.util.concurrent.atomic.AtomicBoolean (java.base@11.0.12)
 166:            36            576  jdk.internal.loader.URLClassPath$JarLoader$1 (java.base@11.0.12)
 167:            36            576  sun.nio.fs.UnixFileAttributes$UnixAsBasicFileAttributes (java.base@11.0.12)
 168:             2            560  [Ljava.lang.invoke.LambdaForm$Kind; (java.base@11.0.12)
 169:             3            560  [Z (java.base@11.0.12)
 170:            14            560  java.security.AccessControlContext (java.base@11.0.12)
 171:             7            560  java.util.concurrent.TimeUnit (java.base@11.0.12)
 172:            16            528  [Ljdk.internal.org.objectweb.asm.Type; (java.base@11.0.12)
 173:            33            528  jdk.internal.reflect.DelegatingConstructorAccessorImpl (java.base@11.0.12)
 174:            13            520  sun.util.locale.LanguageTag (java.base@11.0.12)
 175:             8            512  java.nio.DirectByteBuffer (java.base@11.0.12)
 176:             7            496  [S (java.base@11.0.12)
 177:            10            480  java.lang.invoke.BoundMethodHandle$SpeciesData (java.base@11.0.12)
 178:            30            480  java.lang.invoke.LambdaFormEditor (java.base@11.0.12)
 179:            10            480  sun.invoke.util.Wrapper (java.base@11.0.12)
 180:            10            480  sun.util.resources.Bundles$BundleReference (java.base@11.0.12)
 181:            11            440  java.security.CodeSource (java.base@11.0.12)
 182:            13            416  java.util.concurrent.ConcurrentHashMap$ForwardingNode (java.base@11.0.12)
 183:            10            400  [Ljava.lang.invoke.BoundMethodHandle$SpeciesData; (java.base@11.0.12)
 184:            10            400  java.lang.OutOfMemoryError (java.base@11.0.12)
 185:            16            384  java.lang.invoke.InnerClassLambdaMetafactory$1 (java.base@11.0.12)
 186:            13            376  [Ljava.io.ObjectStreamField; (java.base@11.0.12)
 187:             1            376  com.intellij.rt.execution.application.AppMainV2$1
 188:             1            376  java.lang.ref.Finalizer$FinalizerThread (java.base@11.0.12)
 189:             1            376  jdk.internal.misc.InnocuousThread (java.base@11.0.12)
 190:             1            368  java.lang.ref.Reference$ReferenceHandler (java.base@11.0.12)
 191:            15            360  java.lang.invoke.InvokerBytecodeGenerator$CpPatch (java.base@11.0.12)
 192:             9            360  java.util.HashMap$EntryIterator (java.base@11.0.12)
 193:             6            336  java.nio.DirectLongBufferU (java.base@11.0.12)
 194:             6            336  sun.util.calendar.ZoneInfo (java.base@11.0.12)
 195:             8            328  [Ljava.lang.invoke.MethodType; (java.base@11.0.12)
 196:             8            320  sun.util.locale.InternalLocaleBuilder (java.base@11.0.12)
 197:             1            304  [Ljava.lang.module.ModuleDescriptor; (java.base@11.0.12)
 198:             1            304  [Ljava.lang.module.ModuleReference; (java.base@11.0.12)
 199:             1            304  [Ljdk.internal.module.ModuleHashes; (java.base@11.0.12)
 200:             1            304  [Ljdk.internal.module.ModuleResolution; (java.base@11.0.12)
 201:             1            304  [Ljdk.internal.module.ModuleTarget; (java.base@11.0.12)
 202:            12            288  java.net.StandardSocketOptions$StdSocketOption (java.base@11.0.12)
 203:             9            288  java.util.Hashtable$Entry (java.base@11.0.12)
 204:             7            280  [Ljava.util.stream.StreamOpFlag$Type; (java.base@11.0.12)
 205:             7            280  [Ljava.util.stream.StreamOpFlag; (java.base@11.0.12)
 206:             3            280  [[Ljava.lang.String; (java.base@11.0.12)
 207:             7            280  java.security.ProtectionDomain (java.base@11.0.12)
 208:             7            280  java.util.HashMap$ValueIterator (java.base@11.0.12)
 209:             5            280  java.util.Properties (java.base@11.0.12)
 210:             5            280  java.util.concurrent.ConcurrentHashMap$EntryIterator (java.base@11.0.12)
 211:            17            272  sun.invoke.util.ValueConversions$WrapperCache (java.base@11.0.12)
 212:             1            264  [Ljava.lang.module.ResolvedModule; (java.base@11.0.12)
 213:            11            264  java.lang.invoke.Invokers (java.base@11.0.12)
 214:            11            264  java.lang.invoke.MethodHandleImpl$Intrinsic (java.base@11.0.12)
 215:             3            264  java.util.regex.Pattern (java.base@11.0.12)
 216:             6            240  java.lang.ClassLoader$NativeLibrary (java.base@11.0.12)
 217:             6            240  java.lang.invoke.DirectMethodHandle$Special (java.base@11.0.12)
 218:            10            240  java.nio.charset.CoderResult (java.base@11.0.12)
 219:            10            240  java.nio.file.StandardOpenOption (java.base@11.0.12)
 220:             6            240  sun.util.locale.StringTokenIterator (java.base@11.0.12)
 221:             5            240  sun.util.locale.provider.LocaleResources$ResourceReference (java.base@11.0.12)
 222:             7            224  java.io.ByteArrayInputStream (java.base@11.0.12)
 223:             4            224  java.util.ServiceLoader (java.base@11.0.12)
 224:             7            224  java.util.jar.Manifest$FastInputStream (java.base@11.0.12)
 225:             3            216  java.text.DecimalFormatSymbols (java.base@11.0.12)
 226:             5            200  [Ljava.lang.invoke.VarHandle$AccessType; (java.base@11.0.12)
 227:             5            200  java.lang.invoke.VarHandleObjects$FieldInstanceReadWrite (java.base@11.0.12)
 228:             5            200  java.util.EnumMap (java.base@11.0.12)
 229:             5            200  java.util.stream.StreamOpFlag (java.base@11.0.12)
 230:             4            192  [Ljava.util.Hashtable$Entry; (java.base@11.0.12)
 231:             8            192  java.lang.Class$1 (java.base@11.0.12)
 232:             6            192  java.lang.invoke.LambdaForm$BasicType (java.base@11.0.12)
 233:             8            192  java.math.RoundingMode (java.base@11.0.12)
 234:             8            192  java.security.SecureClassLoader$1 (java.base@11.0.12)
 235:             6            192  java.util.ArrayDeque$DeqIterator (java.base@11.0.12)
 236:             4            192  java.util.Hashtable (java.base@11.0.12)
 237:             6            192  java.util.ImmutableCollections$MapN (java.base@11.0.12)
 238:             8            192  java.util.LinkedList$Node (java.base@11.0.12)
 239:             4            192  sun.nio.cs.StreamEncoder (java.base@11.0.12)
 240:             2            192  sun.util.calendar.Gregorian$Date (java.base@11.0.12)
 241:             2            168  [Ljava.lang.ClassValue$Entry; (java.base@11.0.12)
 242:             3            168  [Ljava.util.regex.Pattern$GroupHead; (java.base@11.0.12)
 243:             4            160  [Ljava.lang.invoke.LambdaForm$BasicType; (java.base@11.0.12)
 244:             4            160  java.io.BufferedWriter (java.base@11.0.12)
 245:             4            160  java.io.FileInputStream (java.base@11.0.12)
 246:             5            160  java.lang.StringBuffer (java.base@11.0.12)
 247:             5            160  java.lang.ThreadLocal$ThreadLocalMap$Entry (java.base@11.0.12)
 248:             5            160  java.lang.invoke.VarHandle$AccessType (java.base@11.0.12)
 249:             5            160  java.util.RegularEnumSet (java.base@11.0.12)
 250:             5            160  sun.util.locale.provider.LocaleProviderAdapter$Type (java.base@11.0.12)
 251:             5            160  sun.util.locale.provider.LocaleResources (java.base@11.0.12)
 252:             3            144  java.lang.ThreadGroup (java.base@11.0.12)
 253:             6            144  java.lang.WeakPairMap$Pair$Lookup (java.base@11.0.12)
 254:             6            144  java.lang.invoke.StringConcatFactory$Strategy (java.base@11.0.12)
 255:             1            144  java.text.DecimalFormat (java.base@11.0.12)
 256:             1            144  java.util.Scanner (java.base@11.0.12)
 257:             6            144  java.util.ServiceLoader$3 (java.base@11.0.12)
 258:             3            144  java.util.StringTokenizer (java.base@11.0.12)
 259:             6            144  jdk.internal.perf.PerfCounter (java.base@11.0.12)
 260:             3            144  sun.nio.cs.UTF_8$Encoder (java.base@11.0.12)
 261:             6            144  sun.util.locale.ParseStatus (java.base@11.0.12)
 262:             4            136  [Lsun.invoke.util.ValueConversions$WrapperCache; (java.base@11.0.12)
 263:             2            128  [Ljava.lang.invoke.MethodHandleImpl$Intrinsic; (java.base@11.0.12)
 264:             2            128  java.io.ExpiringCache$1 (java.base@11.0.12)
 265:             8            128  java.lang.ClassLoader$2 (java.base@11.0.12)
 266:             4            128  java.lang.ClassValue$Entry (java.base@11.0.12)
 267:             2            128  java.lang.invoke.BoundMethodHandle$Species_LLLLLLIIL (java.base@11.0.12)
 268:             8            128  java.security.SecureClassLoader$CodeSourceKey (java.base@11.0.12)
 269:             4            128  java.util.ServiceLoader$ProviderImpl (java.base@11.0.12)
 270:             2            128  java.util.stream.ReferencePipeline$3 (java.base@11.0.12)
 271:             4            128  sun.util.resources.Bundles$2 (java.base@11.0.12)
 272:             3            120  java.io.BufferedInputStream (java.base@11.0.12)
 273:             3            120  java.lang.invoke.BoundMethodHandle$Species_LL (java.base@11.0.12)
 274:             5            120  java.util.Collections$SynchronizedSet (java.base@11.0.12)
 275:             3            120  java.util.ServiceLoader$LazyClassPathLookupIterator (java.base@11.0.12)
 276:             5            120  java.util.stream.StreamOpFlag$Type (java.base@11.0.12)
 277:             1            120  jdk.internal.loader.ClassLoaders$AppClassLoader (java.base@11.0.12)
 278:             5            120  jdk.net.ExtendedSocketOptions$ExtSocketOption (jdk.net@11.0.12)
 279:             5            120  sun.util.resources.LocaleData$1 (java.base@11.0.12)
 280:             7            112  [Ljava.security.Principal; (java.base@11.0.12)
 281:             2            112  java.nio.DirectIntBufferRU (java.base@11.0.12)
 282:             7            112  java.security.ProtectionDomain$Key (java.base@11.0.12)
 283:             7            112  java.util.jar.Attributes (java.base@11.0.12)
 284:             1            112  jdk.internal.loader.ClassLoaders$BootClassLoader (java.base@11.0.12)
 285:             1            112  jdk.internal.loader.ClassLoaders$PlatformClassLoader (java.base@11.0.12)
 286:             3             96  [Ljava.lang.Thread; (java.base@11.0.12)
 287:             4             96  java.io.OutputStreamWriter (java.base@11.0.12)
 288:             3             96  java.lang.Runtime$Version (java.base@11.0.12)
 289:             6             96  java.lang.ThreadLocal (java.base@11.0.12)
 290:             2             96  java.lang.invoke.BoundMethodHandle$Species_LLLL (java.base@11.0.12)
 291:             4             96  java.lang.invoke.VarForm (java.base@11.0.12)
 292:             4             96  java.lang.module.ModuleDescriptor$Modifier (java.base@11.0.12)
 293:             4             96  java.lang.module.ModuleDescriptor$Opens (java.base@11.0.12)
 294:             4             96  java.lang.module.ModuleDescriptor$Requires$Modifier (java.base@11.0.12)
 295:             1             96  java.net.SocksSocketImpl (java.base@11.0.12)
 296:             3             96  java.security.Permissions (java.base@11.0.12)
 297:             4             96  java.util.Arrays$ArrayItr (java.base@11.0.12)
 298:             4             96  java.util.Arrays$ArrayList (java.base@11.0.12)
 299:             3             96  java.util.Collections$UnmodifiableMap (java.base@11.0.12)
 300:             6             96  java.util.HashMap$EntrySet (java.base@11.0.12)
 301:             4             96  java.util.ServiceLoader$1 (java.base@11.0.12)
 302:             3             96  java.util.ServiceLoader$ModuleServicesLookupIterator (java.base@11.0.12)
 303:             3             96  java.util.Vector (java.base@11.0.12)
 304:             4             96  java.util.stream.StreamShape (java.base@11.0.12)
 305:             4             96  jdk.internal.jimage.ImageLocation (java.base@11.0.12)
 306:             1             96  jdk.internal.jimage.ImageReader$SharedImageReader (java.base@11.0.12)
 307:             3             96  jdk.internal.loader.URLClassPath$JarLoader$2 (java.base@11.0.12)
 308:             3             96  sun.net.spi.DefaultProxySelector$NonProxyInfo (java.base@11.0.12)
 309:             2             96  sun.nio.cs.ISO_8859_1$Encoder (java.base@11.0.12)
 310:             2             96  sun.nio.cs.StreamDecoder (java.base@11.0.12)
 311:             3             96  sun.security.util.LazyCodeSourcePermissionCollection (java.base@11.0.12)
 312:             1             80  [Ljava.lang.ThreadLocal$ThreadLocalMap$Entry; (java.base@11.0.12)
 313:             2             80  [Ljava.lang.invoke.StringConcatFactory$Strategy; (java.base@11.0.12)
 314:             2             80  [Lsun.util.locale.provider.LocaleProviderAdapter$Type; (java.base@11.0.12)
 315:             2             80  java.io.ExpiringCache (java.base@11.0.12)
 316:             2             80  java.io.FileOutputStream (java.base@11.0.12)
 317:             2             80  java.io.PrintStream (java.base@11.0.12)
 318:             2             80  java.lang.ModuleLayer (java.base@11.0.12)
 319:             2             80  java.lang.VirtualMachineError (java.base@11.0.12)
 320:             2             80  java.lang.invoke.DirectMethodHandle$Constructor (java.base@11.0.12)
 321:             2             80  java.lang.module.Configuration (java.base@11.0.12)
 322:             2             80  java.util.Locale$Category (java.base@11.0.12)
 323:             5             80  java.util.Properties$EntrySet (java.base@11.0.12)
 324:             5             80  java.util.ResourceBundle$ResourceBundleProviderHelper$$Lambda$24/0x0000000100097440 (java.base@11.0.12)
 325:             5             80  java.util.stream.StreamOpFlag$MaskBuilder (java.base@11.0.12)
 326:             1             80  sun.util.cldr.CLDRLocaleProviderAdapter (java.base@11.0.12)
 327:             1             80  sun.util.locale.provider.JRELocaleProviderAdapter (java.base@11.0.12)
 328:             1             80  sun.util.locale.provider.LocaleProviderAdapter$NonExistentAdapter (java.base@11.0.12)
 329:             3             72  [Ljava.security.ProtectionDomain; (java.base@11.0.12)
 330:             3             72  java.lang.NamedPackage (java.base@11.0.12)
 331:             3             72  java.lang.PublicMethods$MethodList (java.base@11.0.12)
 332:             3             72  java.lang.WeakPairMap (java.base@11.0.12)
 333:             3             72  java.lang.invoke.StringConcatFactory$Mode (java.base@11.0.12)
 334:             3             72  java.net.Proxy$Type (java.base@11.0.12)
 335:             3             72  java.util.ServiceLoader$2 (java.base@11.0.12)
 336:             3             72  java.util.concurrent.CopyOnWriteArrayList$COWIterator (java.base@11.0.12)
 337:             3             72  java.util.concurrent.atomic.AtomicLong (java.base@11.0.12)
 338:             1             72  java.util.regex.Matcher (java.base@11.0.12)
 339:             3             72  java.util.regex.Pattern$CharProperty (java.base@11.0.12)
 340:             3             72  java.util.regex.Pattern$Start (java.base@11.0.12)
 341:             3             72  java.util.regex.Pattern$TreeInfo (java.base@11.0.12)
 342:             3             72  java.util.stream.Collector$Characteristics (java.base@11.0.12)
 343:             3             72  jdk.internal.jimage.BasicImageReader$1 (java.base@11.0.12)
 344:             3             72  jdk.internal.misc.Signal (java.base@11.0.12)
 345:             3             72  jdk.internal.module.IllegalAccessLogger$Mode (java.base@11.0.12)
 346:             3             72  jdk.internal.reflect.NativeMethodAccessorImpl (java.base@11.0.12)
 347:             2             64  [Ljava.lang.invoke.StringConcatFactory$Mode; (java.base@11.0.12)
 348:             2             64  [Ljava.nio.charset.CoderResult; (java.base@11.0.12)
 349:             2             64  [Ljava.util.stream.Collector$Characteristics; (java.base@11.0.12)
 350:             2             64  java.io.BufferedOutputStream (java.base@11.0.12)
 351:             2             64  java.io.DataInputStream (java.base@11.0.12)
 352:             1             64  java.lang.ClassValue$ClassValueMap (java.base@11.0.12)
 353:             2             64  java.lang.Package (java.base@11.0.12)
 354:             1             64  java.lang.invoke.BoundMethodHandle$Species_LLLLLLII (java.base@11.0.12)
 355:             2             64  java.lang.ref.ReferenceQueue$Null (java.base@11.0.12)
 356:             2             64  java.net.URI$Parser (java.base@11.0.12)
 357:             2             64  java.security.BasicPermissionCollection (java.base@11.0.12)
 358:             2             64  java.util.LinkedList (java.base@11.0.12)
 359:             4             64  java.util.concurrent.ConcurrentHashMap$EntrySetView (java.base@11.0.12)
 360:             4             64  java.util.concurrent.atomic.AtomicInteger (java.base@11.0.12)
 361:             2             64  java.util.stream.FindOps$FindOp (java.base@11.0.12)
 362:             4             64  jdk.internal.reflect.ReflectionFactory$GetReflectionFactoryAction (java.base@11.0.12)
 363:             1             56  [Ljava.nio.file.StandardOpenOption; (java.base@11.0.12)
 364:             1             56  [[I (java.base@11.0.12)
 365:             1             56  java.lang.invoke.BoundMethodHandle$Specializer (java.base@11.0.12)
 366:             1             56  java.lang.invoke.BoundMethodHandle$Species_LLLLLL (java.base@11.0.12)
 367:             1             56  java.lang.invoke.BoundMethodHandle$Species_LLLLLLI (java.base@11.0.12)
 368:             1             56  java.net.SocketInputStream (java.base@11.0.12)
 369:             1             56  java.nio.DirectIntBufferU (java.base@11.0.12)
 370:             1             56  jdk.internal.ref.CleanerImpl$SoftCleanableRef (java.base@11.0.12)
 371:             1             48  [Ljava.math.RoundingMode; (java.base@11.0.12)
 372:             2             48  [Ljava.util.Locale$Category; (java.base@11.0.12)
 373:             1             48  [Ljava.util.concurrent.TimeUnit; (java.base@11.0.12)
 374:             1             48  java.io.BufferedReader (java.base@11.0.12)
 375:             2             48  java.io.ByteArrayOutputStream (java.base@11.0.12)
 376:             2             48  java.io.File$PathStatus (java.base@11.0.12)
 377:             3             48  java.io.FileInputStream$1 (java.base@11.0.12)
 378:             2             48  java.io.InputStreamReader (java.base@11.0.12)
 379:             2             48  java.lang.Class$3 (java.base@11.0.12)
 380:             2             48  java.lang.ClassValue$Version (java.base@11.0.12)
 381:             2             48  java.lang.RuntimePermission (java.base@11.0.12)
 382:             1             48  java.lang.invoke.BoundMethodHandle$Specializer$Factory (java.base@11.0.12)
 383:             1             48  java.lang.invoke.BoundMethodHandle$Species_LLLLL (java.base@11.0.12)
 384:             2             48  java.lang.invoke.StringConcatFactory$RecipeElement (java.base@11.0.12)
 385:             1             48  java.lang.module.Resolver (java.base@11.0.12)
 386:             1             48  java.net.SocketCleanable (java.base@11.0.12)
 387:             3             48  java.nio.charset.CodingErrorAction (java.base@11.0.12)
 388:             2             48  java.security.Permissions$1 (java.base@11.0.12)
 389:             2             48  java.util.Date (java.base@11.0.12)
 390:             3             48  java.util.HashMap$Values (java.base@11.0.12)
 391:             3             48  java.util.LinkedHashMap$LinkedKeySet (java.base@11.0.12)
 392:             3             48  java.util.ResourceBundle$NoFallbackControl (java.base@11.0.12)
 393:             1             48  java.util.concurrent.ConcurrentSkipListMap (java.base@11.0.12)
 394:             2             48  java.util.regex.Pattern$BitClass (java.base@11.0.12)
 395:             2             48  java.util.regex.Pattern$CharPropertyGreedy (java.base@11.0.12)
 396:             2             48  java.util.stream.ReferencePipeline$3$1 (java.base@11.0.12)
 397:             1             48  jdk.internal.jimage.ImageHeader (java.base@11.0.12)
 398:             2             48  jdk.internal.misc.Signal$NativeHandler (java.base@11.0.12)
 399:             1             48  jdk.internal.ref.CleanerImpl$WeakCleanableRef (java.base@11.0.12)
 400:             3             48  jdk.internal.reflect.DelegatingMethodAccessorImpl (java.base@11.0.12)
 401:             2             48  sun.nio.cs.Surrogate$Parser (java.base@11.0.12)
 402:             3             48  sun.util.resources.LocaleData (java.base@11.0.12)
 403:             1             48  sun.util.resources.TimeZoneNames (java.base@11.0.12)
 404:             1             48  sun.util.resources.TimeZoneNames_en (java.base@11.0.12)
 405:             1             48  sun.util.resources.cldr.TimeZoneNames (java.base@11.0.12)
 406:             1             48  sun.util.resources.cldr.TimeZoneNames_en (java.base@11.0.12)
 407:             1             40  [[Ljava.lang.invoke.LambdaForm$Name; (java.base@11.0.12)
 408:             1             40  java.lang.ArithmeticException (java.base@11.0.12)
 409:             1             40  java.lang.InternalError (java.base@11.0.12)
 410:             1             40  java.lang.NoSuchMethodError (java.base@11.0.12)
 411:             1             40  java.lang.NullPointerException (java.base@11.0.12)
 412:             1             40  java.lang.Package$VersionInfo (java.base@11.0.12)
 413:             1             40  java.lang.invoke.BoundMethodHandle$Species_LLL (java.base@11.0.12)
 414:             1             40  java.lang.invoke.DirectMethodHandle$Interface (java.base@11.0.12)
 415:             1             40  java.lang.invoke.MethodHandleImpl$AsVarargsCollector (java.base@11.0.12)
 416:             1             40  java.text.DigitList (java.base@11.0.12)
 417:             1             40  java.util.IdentityHashMap (java.base@11.0.12)
 418:             1             40  java.util.Properties$LineReader (java.base@11.0.12)
 419:             1             40  java.util.ResourceBundle$2 (java.base@11.0.12)
 420:             1             40  jdk.internal.loader.URLClassPath (java.base@11.0.12)
 421:             1             40  jdk.internal.ref.CleanerImpl$CleanerCleanable (java.base@11.0.12)
 422:             1             40  sun.nio.cs.US_ASCII$Decoder (java.base@11.0.12)
 423:             1             40  sun.nio.cs.UTF_8$Decoder (java.base@11.0.12)
 424:             1             40  sun.text.resources.cldr.FormatData (java.base@11.0.12)
 425:             1             40  sun.text.resources.cldr.ext.FormatData_zh (jdk.localedata@11.0.12)
 426:             1             40  sun.util.resources.Bundles$1 (java.base@11.0.12)
 427:             1             32  [Ljava.lang.OutOfMemoryError; (java.base@11.0.12)
 428:             2             32  [Ljava.lang.StackTraceElement; (java.base@11.0.12)
 429:             1             32  [Ljava.lang.ThreadGroup; (java.base@11.0.12)
 430:             2             32  [Ljava.lang.annotation.Annotation; (java.base@11.0.12)
 431:             1             32  [Ljava.lang.module.ModuleDescriptor$Modifier; (java.base@11.0.12)
 432:             1             32  [Ljava.lang.module.ModuleDescriptor$Requires$Modifier; (java.base@11.0.12)
 433:             1             32  [Ljava.net.Proxy$Type; (java.base@11.0.12)
 434:             2             32  [Ljava.util.regex.IntHashSet; (java.base@11.0.12)
 435:             1             32  [Ljava.util.stream.StreamShape; (java.base@11.0.12)
 436:             1             32  [Ljdk.internal.module.IllegalAccessLogger$Mode; (java.base@11.0.12)
 437:             1             32  [Lsun.nio.fs.NativeBuffer; (java.base@11.0.12)
 438:             1             32  java.io.UnixFileSystem (java.base@11.0.12)
 439:             2             32  java.lang.Boolean (java.base@11.0.12)
 440:             2             32  java.lang.ClassValue$Identity (java.base@11.0.12)
 441:             1             32  java.lang.invoke.VarHandleInts$FieldInstanceReadWrite (java.base@11.0.12)
 442:             1             32  java.lang.module.ModuleDescriptor$Version (java.base@11.0.12)
 443:             1             32  java.net.InetAddress$InetAddressHolder (java.base@11.0.12)
 444:             1             32  java.net.Socket (java.base@11.0.12)
 445:             2             32  java.nio.ByteOrder (java.base@11.0.12)
 446:             2             32  java.util.ResourceBundle$SingleFormatControl (java.base@11.0.12)
 447:             2             32  java.util.regex.Pattern$$Lambda$17/0x0000000100066440 (java.base@11.0.12)
 448:             2             32  java.util.regex.Pattern$BitClass$$Lambda$16/0x0000000100066040 (java.base@11.0.12)
 449:             1             32  java.util.stream.Collectors$CollectorImpl (java.base@11.0.12)
 450:             1             32  java.util.stream.ReduceOps$3 (java.base@11.0.12)
 451:             1             32  java.util.stream.ReduceOps$3ReducingSink (java.base@11.0.12)
 452:             2             32  jdk.internal.loader.ClassLoaderValue (java.base@11.0.12)
 453:             1             32  jdk.internal.loader.URLClassPath$FileLoader$1 (java.base@11.0.12)
 454:             1             32  jdk.internal.module.IllegalAccessLogger (java.base@11.0.12)
 455:             1             32  jdk.internal.module.IllegalAccessLogger$Builder (java.base@11.0.12)
 456:             2             32  jdk.internal.module.ServicesCatalog (java.base@11.0.12)
 457:             1             32  jdk.internal.ref.CleanerImpl (java.base@11.0.12)
 458:             2             32  jdk.internal.reflect.ConstantPool (java.base@11.0.12)
 459:             1             32  sun.instrument.InstrumentationImpl (java.instrument@11.0.12)
 460:             1             32  sun.net.spi.DefaultProxySelector$4 (java.base@11.0.12)
 461:             1             32  sun.nio.cs.StandardCharsets (java.base@11.0.12)
 462:             1             32  sun.nio.fs.LinuxFileSystem (java.base@11.0.12)
 463:             1             32  sun.nio.fs.NativeBuffer (java.base@11.0.12)
 464:             2             32  sun.util.resources.cldr.provider.CLDRLocaleDataMetaInfo (jdk.localedata@11.0.12)
 465:             1             24  [Ljava.io.File$PathStatus; (java.base@11.0.12)
 466:             1             24  [Ljava.net.InetAddress; (java.base@11.0.12)
 467:             1             24  java.lang.Double (java.base@11.0.12)
 468:             1             24  java.lang.StringCoding$Result (java.base@11.0.12)
 469:             1             24  java.lang.ThreadLocal$ThreadLocalMap (java.base@11.0.12)
 470:             1             24  java.lang.invoke.MethodType$ConcurrentWeakInternSet (java.base@11.0.12)
 471:             1             24  java.lang.invoke.StringConcatFactory$Stringifiers$StringifierAny (java.base@11.0.12)
 472:             1             24  java.lang.invoke.StringConcatFactory$Stringifiers$StringifierMost (java.base@11.0.12)
 473:             1             24  java.lang.reflect.ReflectPermission (java.base@11.0.12)
 474:             1             24  java.net.Inet4Address (java.base@11.0.12)
 475:             1             24  java.net.Inet6AddressImpl (java.base@11.0.12)
 476:             1             24  java.net.InetSocketAddress$InetSocketAddressHolder (java.base@11.0.12)
 477:             1             24  java.net.Proxy (java.base@11.0.12)
 478:             1             24  java.util.Collections$EmptyMap (java.base@11.0.12)
 479:             1             24  java.util.Collections$UnmodifiableRandomAccessList (java.base@11.0.12)
 480:             1             24  java.util.Locale$Cache (java.base@11.0.12)
 481:             1             24  java.util.ResourceBundle$Control$CandidateListCache (java.base@11.0.12)
 482:             1             24  java.util.Scanner$PatternLRUCache (java.base@11.0.12)
 483:             1             24  java.util.jar.Manifest (java.base@11.0.12)
 484:             1             24  java.util.regex.Pattern$$Lambda$19/0x0000000100065c40 (java.base@11.0.12)
 485:             1             24  java.util.regex.Pattern$CharPredicate$$Lambda$21/0x0000000100090840 (java.base@11.0.12)
 486:             1             24  java.util.zip.ZipCoder$UTF8 (java.base@11.0.12)
 487:             1             24  jdk.internal.jimage.ImageReader (java.base@11.0.12)
 488:             1             24  jdk.internal.loader.BuiltinClassLoader$5 (java.base@11.0.12)
 489:             1             24  jdk.internal.loader.URLClassPath$FileLoader (java.base@11.0.12)
 490:             1             24  jdk.internal.misc.InnocuousThread$2 (java.base@11.0.12)
 491:             1             24  jdk.internal.module.ModuleBootstrap$SafeModuleFinder (java.base@11.0.12)
 492:             1             24  jdk.internal.module.ModuleHashes (java.base@11.0.12)
 493:             1             24  jdk.internal.module.ModuleHashes$Builder (java.base@11.0.12)
 494:             1             24  jdk.internal.module.SystemModuleFinders$SystemModuleFinder (java.base@11.0.12)
 495:             1             24  jdk.internal.module.SystemModuleFinders$SystemModuleReader (java.base@11.0.12)
 496:             1             24  jdk.internal.ref.CleanerFactory$1$1 (java.base@11.0.12)
 497:             1             24  sun.instrument.InstrumentationImpl$1 (java.instrument@11.0.12)
 498:             1             24  sun.instrument.TransformerManager (java.instrument@11.0.12)
 499:             1             24  sun.net.sdp.SdpProvider (java.base@11.0.12)
 500:             1             24  sun.nio.cs.ISO_8859_1 (java.base@11.0.12)
 501:             1             24  sun.nio.cs.US_ASCII (java.base@11.0.12)
 502:             1             24  sun.nio.cs.UTF_8 (java.base@11.0.12)
 503:             1             24  sun.nio.fs.NativeBuffer$Deallocator (java.base@11.0.12)
 504:             1             24  sun.security.action.GetPropertyAction (java.base@11.0.12)
 505:             1             24  sun.util.cldr.CLDRTimeZoneNameProviderImpl (java.base@11.0.12)
 506:             1             24  sun.util.locale.BaseLocale$Cache (java.base@11.0.12)
 507:             1             24  sun.util.locale.provider.DecimalFormatSymbolsProviderImpl (java.base@11.0.12)
 508:             1             24  sun.util.locale.provider.LocaleServiceProviderPool (java.base@11.0.12)
 509:             1             24  sun.util.locale.provider.NumberFormatProviderImpl (java.base@11.0.12)
 510:             1             24  sun.util.locale.provider.TimeZoneNameProviderImpl (java.base@11.0.12)
 511:             1             16  [D (java.base@11.0.12)
 512:             1             16  [F (java.base@11.0.12)
 513:             1             16  [Ljava.lang.Throwable; (java.base@11.0.12)
 514:             1             16  [Ljava.nio.file.Path; (java.base@11.0.12)
 515:             1             16  [Ljava.security.cert.Certificate; (java.base@11.0.12)
 516:             1             16  [Ljava.text.FieldPosition; (java.base@11.0.12)
 517:             1             16  [Lsun.instrument.TransformerManager$TransformerInfo; (java.instrument@11.0.12)
 518:             1             16  [Lsun.util.calendar.ZoneInfoFile$ZoneOffsetTransitionRule; (java.base@11.0.12)
 519:             1             16  java.io.FileDescriptor$1 (java.base@11.0.12)
 520:             1             16  java.io.RandomAccessFile$2 (java.base@11.0.12)
 521:             1             16  java.lang.CharacterDataLatin1 (java.base@11.0.12)
 522:             1             16  java.lang.Float (java.base@11.0.12)
 523:             1             16  java.lang.ModuleLayer$Controller (java.base@11.0.12)
 524:             1             16  java.lang.Runtime (java.base@11.0.12)
 525:             1             16  java.lang.String$CaseInsensitiveComparator (java.base@11.0.12)
 526:             1             16  java.lang.StringCoding$1 (java.base@11.0.12)
 527:             1             16  java.lang.System$2 (java.base@11.0.12)
 528:             1             16  java.lang.Terminator$1 (java.base@11.0.12)
 529:             1             16  java.lang.invoke.ClassSpecializer$1 (java.base@11.0.12)
 530:             1             16  java.lang.invoke.MemberName$Factory (java.base@11.0.12)
 531:             1             16  java.lang.invoke.MethodHandleImpl$1 (java.base@11.0.12)
 532:             1             16  java.lang.invoke.StringConcatFactory$MethodHandleInlineCopyStrategy$1 (java.base@11.0.12)
 533:             1             16  java.lang.invoke.StringConcatFactory$MethodHandleInlineCopyStrategy$2 (java.base@11.0.12)
 534:             1             16  java.lang.invoke.StringConcatFactory$MethodHandleInlineCopyStrategy$3 (java.base@11.0.12)
 535:             1             16  java.lang.invoke.StringConcatFactory$Recipe (java.base@11.0.12)
 536:             1             16  java.lang.invoke.VarHandle$1 (java.base@11.0.12)
 537:             1             16  java.lang.module.ModuleDescriptor$1 (java.base@11.0.12)
 538:             1             16  java.lang.module.ModuleFinder$1 (java.base@11.0.12)
 539:             1             16  java.lang.ref.Cleaner (java.base@11.0.12)
 540:             1             16  java.lang.ref.Cleaner$1 (java.base@11.0.12)
 541:             1             16  java.lang.ref.Reference$1 (java.base@11.0.12)
 542:             1             16  java.lang.reflect.ReflectAccess (java.base@11.0.12)
 543:             1             16  java.net.AbstractPlainSocketImpl$1 (java.base@11.0.12)
 544:             1             16  java.net.InetAddress$1 (java.base@11.0.12)
 545:             1             16  java.net.InetAddress$2 (java.base@11.0.12)
 546:             1             16  java.net.InetAddress$PlatformNameService (java.base@11.0.12)
 547:             1             16  java.net.InetSocketAddress (java.base@11.0.12)
 548:             1             16  java.net.Socket$2 (java.base@11.0.12)
 549:             1             16  java.net.SocksSocketImpl$3 (java.base@11.0.12)
 550:             1             16  java.net.URI$1 (java.base@11.0.12)
 551:             1             16  java.net.URL$3 (java.base@11.0.12)
 552:             1             16  java.net.URL$DefaultFactory (java.base@11.0.12)
 553:             1             16  java.nio.Bits$1 (java.base@11.0.12)
 554:             1             16  java.nio.Buffer$1 (java.base@11.0.12)
 555:             1             16  java.nio.file.FileSystems$DefaultFileSystemHolder$1 (java.base@11.0.12)
 556:             1             16  java.security.ProtectionDomain$JavaSecurityAccessImpl (java.base@11.0.12)
 557:             1             16  java.util.Collections$EmptyEnumeration (java.base@11.0.12)
 558:             1             16  java.util.Collections$EmptyIterator (java.base@11.0.12)
 559:             1             16  java.util.Collections$EmptyList (java.base@11.0.12)
 560:             1             16  java.util.Collections$EmptySet (java.base@11.0.12)
 561:             1             16  java.util.Collections$SingletonSet (java.base@11.0.12)
 562:             1             16  java.util.EnumMap$1 (java.base@11.0.12)
 563:             1             16  java.util.IdentityHashMap$KeySet (java.base@11.0.12)
 564:             1             16  java.util.LinkedHashSet (java.base@11.0.12)
 565:             1             16  java.util.ResourceBundle$1 (java.base@11.0.12)
 566:             1             16  java.util.ResourceBundle$Control (java.base@11.0.12)
 567:             1             16  java.util.Spliterators$EmptySpliterator$OfDouble (java.base@11.0.12)
 568:             1             16  java.util.Spliterators$EmptySpliterator$OfInt (java.base@11.0.12)
 569:             1             16  java.util.Spliterators$EmptySpliterator$OfLong (java.base@11.0.12)
 570:             1             16  java.util.Spliterators$EmptySpliterator$OfRef (java.base@11.0.12)
 571:             1             16  java.util.concurrent.ConcurrentHashMap$ValuesView (java.base@11.0.12)
 572:             1             16  java.util.concurrent.ConcurrentSkipListSet (java.base@11.0.12)
 573:             1             16  java.util.jar.JavaUtilJarAccessImpl (java.base@11.0.12)
 574:             1             16  java.util.regex.CharPredicates$$Lambda$14/0x0000000100066840 (java.base@11.0.12)
 575:             1             16  java.util.regex.CharPredicates$$Lambda$18/0x0000000100065840 (java.base@11.0.12)
 576:             1             16  java.util.regex.Pattern$$Lambda$15/0x0000000100066c40 (java.base@11.0.12)
 577:             1             16  java.util.regex.Pattern$1 (java.base@11.0.12)
 578:             1             16  java.util.regex.Pattern$CharPredicate$$Lambda$20/0x0000000100090440 (java.base@11.0.12)
 579:             1             16  java.util.regex.Pattern$LastNode (java.base@11.0.12)
 580:             1             16  java.util.regex.Pattern$Node (java.base@11.0.12)
 581:             1             16  java.util.stream.Collectors$$Lambda$5/0x0000000100061440 (java.base@11.0.12)
 582:             1             16  java.util.stream.Collectors$$Lambda$6/0x0000000100061840 (java.base@11.0.12)
 583:             1             16  java.util.stream.Collectors$$Lambda$7/0x0000000100061c40 (java.base@11.0.12)
 584:             1             16  java.util.stream.Collectors$$Lambda$8/0x0000000100062040 (java.base@11.0.12)
 585:             1             16  java.util.stream.FindOps$FindSink$OfRef$$Lambda$10/0x0000000100062840 (java.base@11.0.12)
 586:             1             16  java.util.stream.FindOps$FindSink$OfRef$$Lambda$11/0x0000000100062c40 (java.base@11.0.12)
 587:             1             16  java.util.stream.FindOps$FindSink$OfRef$$Lambda$12/0x0000000100063040 (java.base@11.0.12)
 588:             1             16  java.util.stream.FindOps$FindSink$OfRef$$Lambda$13/0x0000000100063440 (java.base@11.0.12)
 589:             1             16  java.util.zip.ZipFile$1 (java.base@11.0.12)
 590:             1             16  jdk.internal.jimage.ImageReaderFactory$1 (java.base@11.0.12)
 591:             1             16  jdk.internal.jimage.ImageStringsReader (java.base@11.0.12)
 592:             1             16  jdk.internal.jimage.NativeImageBuffer$1 (java.base@11.0.12)
 593:             1             16  jdk.internal.jimage.decompressor.Decompressor (java.base@11.0.12)
 594:             1             16  jdk.internal.misc.InnocuousThread$3 (java.base@11.0.12)
 595:             1             16  jdk.internal.misc.TerminatingThreadLocal$1 (java.base@11.0.12)
 596:             1             16  jdk.internal.misc.Unsafe (java.base@11.0.12)
 597:             1             16  jdk.internal.module.DefaultRoots$$Lambda$1/0x0000000100060040 (java.base@11.0.12)
 598:             1             16  jdk.internal.module.DefaultRoots$$Lambda$2/0x0000000100060840 (java.base@11.0.12)
 599:             1             16  jdk.internal.module.DefaultRoots$$Lambda$3/0x0000000100060c40 (java.base@11.0.12)
 600:             1             16  jdk.internal.module.DefaultRoots$$Lambda$4/0x0000000100061040 (java.base@11.0.12)
 601:             1             16  jdk.internal.module.DefaultRoots$$Lambda$9/0x0000000100062440 (java.base@11.0.12)
 602:             1             16  jdk.internal.module.ModuleLoaderMap$Mapper (java.base@11.0.12)
 603:             1             16  jdk.internal.module.ModulePatcher (java.base@11.0.12)
 604:             1             16  jdk.internal.module.ModuleTarget (java.base@11.0.12)
 605:             1             16  jdk.internal.module.SystemModules$all (java.base@11.0.12)
 606:             1             16  jdk.internal.perf.Perf (java.base@11.0.12)
 607:             1             16  jdk.internal.perf.Perf$GetPerfAction (java.base@11.0.12)
 608:             1             16  jdk.internal.ref.CleanerFactory$1 (java.base@11.0.12)
 609:             1             16  jdk.internal.reflect.ReflectionFactory (java.base@11.0.12)
 610:             1             16  jdk.internal.util.Preconditions$1 (java.base@11.0.12)
 611:             1             16  jdk.net.ExtendedSocketOptions$1 (jdk.net@11.0.12)
 612:             1             16  jdk.net.ExtendedSocketOptions$PlatformSocketOptions$1 (jdk.net@11.0.12)
 613:             1             16  jdk.net.LinuxSocketOptions (jdk.net@11.0.12)
 614:             1             16  jdk.net.LinuxSocketOptions$$Lambda$22/0x0000000100090c40 (jdk.net@11.0.12)
 615:             1             16  sun.net.NetProperties$1 (java.base@11.0.12)
 616:             1             16  sun.net.spi.DefaultProxySelector (java.base@11.0.12)
 617:             1             16  sun.net.spi.DefaultProxySelector$1 (java.base@11.0.12)
 618:             1             16  sun.net.www.protocol.file.Handler (java.base@11.0.12)
 619:             1             16  sun.net.www.protocol.jar.Handler (java.base@11.0.12)
 620:             1             16  sun.net.www.protocol.jrt.Handler (java.base@11.0.12)
 621:             1             16  sun.nio.fs.LinuxFileSystemProvider (java.base@11.0.12)
 622:             1             16  sun.nio.fs.NativeBuffers$1 (java.base@11.0.12)
 623:             1             16  sun.nio.fs.UnixNativeDispatcher$1 (java.base@11.0.12)
 624:             1             16  sun.security.action.GetBooleanAction (java.base@11.0.12)
 625:             1             16  sun.util.calendar.Gregorian (java.base@11.0.12)
 626:             1             16  sun.util.calendar.ZoneInfoFile$1 (java.base@11.0.12)
 627:             1             16  sun.util.calendar.ZoneInfoFile$Checksum (java.base@11.0.12)
 628:             1             16  sun.util.cldr.CLDRBaseLocaleDataMetaInfo (java.base@11.0.12)
 629:             1             16  sun.util.cldr.CLDRLocaleProviderAdapter$$Lambda$26/0x0000000100093040 (java.base@11.0.12)
 630:             1             16  sun.util.cldr.CLDRLocaleProviderAdapter$1 (java.base@11.0.12)
 631:             1             16  sun.util.locale.InternalLocaleBuilder$CaseInsensitiveChar (java.base@11.0.12)
 632:             1             16  sun.util.locale.provider.JRELocaleProviderAdapter$$Lambda$23/0x0000000100097040 (java.base@11.0.12)
 633:             1             16  sun.util.locale.provider.JRELocaleProviderAdapter$$Lambda$25/0x0000000100096840 (java.base@11.0.12)
 634:             1             16  sun.util.locale.provider.JRELocaleProviderAdapter$$Lambda$27/0x0000000100093440 (java.base@11.0.12)
 635:             1             16  sun.util.locale.provider.JRELocaleProviderAdapter$$Lambda$28/0x0000000100092840 (java.base@11.0.12)
 636:             1             16  sun.util.locale.provider.TimeZoneNameUtility$TimeZoneNameGetter (java.base@11.0.12)
 637:             1             16  sun.util.resources.LocaleData$LocaleDataStrategy (java.base@11.0.12)
 638:             1             16  sun.util.resources.provider.LocaleDataProvider (jdk.localedata@11.0.12)
 639:             1             16  sun.util.resources.provider.NonBaseLocaleDataMetaInfo (jdk.localedata@11.0.12)
Total         65059        7304272
